<?php return array (
  0 => 'Symfony\\Bundle\\FrameworkBundle\\EventListener\\SessionListener',
  1 => 'Symfony\\Component\\HttpFoundation\\Session\\Storage\\NativeSessionStorage',
  2 => 'Symfony\\Component\\HttpFoundation\\Session\\Storage\\PhpBridgeSessionStorage',
  3 => 'Symfony\\Component\\HttpFoundation\\Session\\Storage\\Handler\\NativeFileSessionHandler',
  4 => 'Symfony\\Component\\HttpFoundation\\Session\\Storage\\Proxy\\AbstractProxy',
  5 => 'Symfony\\Component\\HttpFoundation\\Session\\Storage\\Proxy\\SessionHandlerProxy',
  6 => 'Symfony\\Component\\HttpFoundation\\Session\\Session',
  7 => 'Symfony\\Bundle\\FrameworkBundle\\Templating\\GlobalVariables',
  8 => 'Symfony\\Bundle\\FrameworkBundle\\Templating\\TemplateReference',
  9 => 'Symfony\\Bundle\\FrameworkBundle\\Templating\\TemplateNameParser',
  10 => 'Symfony\\Bundle\\FrameworkBundle\\Templating\\Loader\\TemplateLocator',
  11 => 'Symfony\\Component\\Routing\\Generator\\UrlGenerator',
  12 => 'Symfony\\Component\\Routing\\RequestContext',
  13 => 'Symfony\\Component\\Routing\\Router',
  14 => 'Symfony\\Bundle\\FrameworkBundle\\Routing\\RedirectableUrlMatcher',
  15 => 'Symfony\\Bundle\\FrameworkBundle\\Routing\\Router',
  16 => 'Symfony\\Component\\Config\\FileLocator',
  17 => 'Symfony\\Component\\EventDispatcher\\Event',
  18 => 'Symfony\\Component\\EventDispatcher\\ContainerAwareEventDispatcher',
  19 => 'Symfony\\Component\\HttpKernel\\EventListener\\ResponseListener',
  20 => 'Symfony\\Component\\HttpKernel\\EventListener\\RouterListener',
  21 => 'Symfony\\Component\\HttpKernel\\Controller\\ControllerResolver',
  22 => 'Symfony\\Component\\HttpKernel\\Event\\KernelEvent',
  23 => 'Symfony\\Component\\HttpKernel\\Event\\FilterControllerEvent',
  24 => 'Symfony\\Component\\HttpKernel\\Event\\FilterResponseEvent',
  25 => 'Symfony\\Component\\HttpKernel\\Event\\GetResponseEvent',
  26 => 'Symfony\\Component\\HttpKernel\\Event\\GetResponseForControllerResultEvent',
  27 => 'Symfony\\Component\\HttpKernel\\Event\\GetResponseForExceptionEvent',
  28 => 'Symfony\\Component\\HttpKernel\\KernelEvents',
  29 => 'Symfony\\Component\\HttpKernel\\Config\\FileLocator',
  30 => 'Symfony\\Bundle\\FrameworkBundle\\Controller\\ControllerNameParser',
  31 => 'Symfony\\Bundle\\FrameworkBundle\\Controller\\ControllerResolver',
  32 => 'Sensio\\Bundle\\FrameworkExtraBundle\\EventListener\\ControllerListener',
  33 => 'Sensio\\Bundle\\FrameworkExtraBundle\\EventListener\\ParamConverterListener',
  34 => 'Sensio\\Bundle\\FrameworkExtraBundle\\Request\\ParamConverter\\DateTimeParamConverter',
  35 => 'Sensio\\Bundle\\FrameworkExtraBundle\\Request\\ParamConverter\\DoctrineParamConverter',
  36 => 'Sensio\\Bundle\\FrameworkExtraBundle\\Request\\ParamConverter\\ParamConverterInterface',
  37 => 'Sensio\\Bundle\\FrameworkExtraBundle\\Request\\ParamConverter\\ParamConverterManager',
  38 => 'Sensio\\Bundle\\FrameworkExtraBundle\\EventListener\\TemplateListener',
  39 => 'Sensio\\Bundle\\FrameworkExtraBundle\\EventListener\\CacheListener',
  40 => 'Sensio\\Bundle\\FrameworkExtraBundle\\Configuration\\ConfigurationAnnotation',
  41 => 'Twig_Environment',
  42 => 'Twig_Extension',
  43 => 'Twig_Extension_Core',
  44 => 'Twig_Extension_Escaper',
  45 => 'Twig_Extension_Optimizer',
  46 => 'Twig_LoaderInterface',
  47 => 'Twig_Markup',
  48 => 'Twig_Template',
);